WRN 2026-09-06T02:57:18.754 ?.2        server_start:197: Failed to start server: operation not permitted: /run/user/1000/nvim.2.0
WRN 2026-09-06T02:57:18.780 ?.2        server_start:197: Failed to start server: operation not permitted: /run/user/1000/fzf-lua.1788645438.2.1
WRN 2026-09-06T07:07:11.674 ?.3        server_start:197: Failed to start server: operation not permitted: /run/user/1000/nvim.3.0
WRN 2026-09-14T03:33:14.512 ?.3        server_start:197: Failed to start server: operation not permitted: /run/user/1000/nvim.3.0
WRN 2026-09-14T03:35:08.866 ?.3        server_start:197: Failed to start server: operation not permitted: /run/user/1000/nvim.3.0
WRN 2026-09-14T05:16:25.848 ?.2        server_start:197: Failed to start server: operation not permitted: /run/user/1000/nvim.2.0
WRN 2026-09-14T05:16:35.815 ?.3        server_start:197: Failed to start server: operation not permitted: /run/user/1000/nvim.3.0
WRN 2026-09-17T00:38:40.644 ?.3        server_start:197: Failed to start server: operation not permitted: /run/user/1000/nvim.3.0
WRN 2026-09-19T22:51:36.266 ?.4        server_start:197: Failed to start server: operation not permitted: /run/user/1000/nvim.4.0
WRN 2026-09-19T22:51:45.700 ?.2        server_start:197: Failed to start server: operation not permitted: /run/user/1000/nvim.2.0
WRN 2026-09-19T23:18:54.880 ?.3        server_start:197: Failed to start server: operation not permitted: /run/user/1000/nvim.3.0
WRN 2026-09-19T23:32:30.998 ?.3        server_start:197: Failed to start server: operation not permitted: /run/user/1000/nvim.3.0
WRN 2026-09-20T00:44:31.004 ?.2        server_start:197: Failed to start server: operation not permitted: /run/user/1000/nvim.2.0
WRN 2026-09-20T00:44:35.201 ?.2        server_start:197: Failed to start server: operation not permitted: /run/user/1000/nvim.2.0
WRN 2026-09-27T14:13:21.650 ?.2        server_start:197: Failed to start server: operation not permitted: /run/user/1000/nvim.2.0
WRN 2026-09-29T00:53:46.957 ?.2        server_start:197: Failed to start server: operation not permitted: /run/user/1000/nvim.2.0
WRN 2026-09-29T00:54:04.831 ?.2        server_start:197: Failed to start server: operation not permitted: /run/user/1000/nvim.2.0
WRN 2026-09-29T12:17:52.662 ?.2        server_start:197: Failed to start server: operation not permitted: /run/user/1000/nvim.2.0
WRN 2026-10-10T02:22:30.256 ?.26100    server_start:197: Failed to start server: operation not permitted: /var/folders/jr/zczhp_2j63s95_khzkmrwdvc0000gn/T/nvim.evgeny/ujQ0JK/nvim.26100.0
WRN 2026-10-10T02:24:58.899 ?.26413    server_start:197: Failed to start server: operation not permitted: /var/folders/jr/zczhp_2j63s95_khzkmrwdvc0000gn/T/nvim.evgeny/TgQUu6/nvim.26413.0
WRN 2026-10-10T02:25:03.272 ?.26465    server_start:197: Failed to start server: operation not permitted: /var/folders/jr/zczhp_2j63s95_khzkmrwdvc0000gn/T/nvim.evgeny/AvtR2D/nvim.26465.0
WRN 2026-10-10T02:25:18.679 ?.26519    server_start:197: Failed to start server: operation not permitted: /var/folders/jr/zczhp_2j63s95_khzkmrwdvc0000gn/T/nvim.evgeny/GiXpLL/nvim.26519.0
WRN 2026-10-10T02:25:26.872 ?.26606    server_start:197: Failed to start server: operation not permitted: /var/folders/jr/zczhp_2j63s95_khzkmrwdvc0000gn/T/nvim.evgeny/7YdzYN/nvim.26606.0
WRN 2026-10-10T02:28:36.772 ?.29145    server_start:197: Failed to start server: operation not permitted: /var/folders/jr/zczhp_2j63s95_khzkmrwdvc0000gn/T/nvim.evgeny/kxFTBE/nvim.29145.0
WRN 2026-10-10T02:28:46.745 ?.29232    server_start:197: Failed to start server: operation not permitted: /var/folders/jr/zczhp_2j63s95_khzkmrwdvc0000gn/T/nvim.evgeny/6bFFU9/nvim.29232.0
WRN 2026-10-10T02:29:06.643 ?.29321    server_start:197: Failed to start server: operation not permitted: /var/folders/jr/zczhp_2j63s95_khzkmrwdvc0000gn/T/nvim.evgeny/Aeqosr/nvim.29321.0
